
Memory Configuration

Name             Origin             Length             Attributes
Mem              0x00000000         0x04000000         xrw
*default*        0x00000000         0xffffffff

Linker script and memory map

                0x00010000                . = 0x10000

.startup        0x00010000        0xc
 startup.o(.text)
 .text          0x00010000        0xc startup.o
                0x00010000                reset

.glue_7         0x0001000c        0x0
 .glue_7        0x0001000c        0x0 linker stubs

.glue_7t        0x0001000c        0x0
 .glue_7t       0x0001000c        0x0 linker stubs

.vfp11_veneer   0x0001000c        0x0
 .vfp11_veneer  0x0001000c        0x0 linker stubs

.v4_bx          0x0001000c        0x0
 .v4_bx         0x0001000c        0x0 linker stubs

.iplt           0x0001000c        0x0
 .iplt          0x0001000c        0x0 startup.o

.text           0x0001000c       0x70
 .text          0x0001000c       0x1c app.o
                0x0001000c                main
 .text          0x00010028       0x54 uart.o
                0x00010028                uart_send_string

.rodata         0x0001007c       0x64
 .rodata        0x0001007c       0x64 app.o
                0x0001007c                string_buffer1

.igot.plt       0x000100e0        0x0
 .igot.plt      0x000100e0        0x0 startup.o

.rel.dyn        0x000100e0        0x0
 .rel.iplt      0x000100e0        0x0 startup.o

.Mariam         0x000100e0       0x64
 *(.data)
 .data          0x000100e0        0x0 startup.o
 .data          0x000100e0       0x64 app.o
                0x000100e0                string_buffer
 .data          0x00010144        0x0 uart.o
                0x00011144                . = (. + 0x1000)
                0x00011144                stack_top = .
LOAD app.o
LOAD uart.o
LOAD startup.o
OUTPUT(learn-in-depth.elf elf32-littlearm)

.bss            0x00010144        0x0 load address 0x00011144
 .bss           0x00010144        0x0 startup.o
 .bss           0x00010144        0x0 app.o
 .bss           0x00010144        0x0 uart.o

.ARM.attributes
                0x00000000       0x2e
 .ARM.attributes
                0x00000000       0x22 startup.o
 .ARM.attributes
                0x00000022       0x32 app.o
 .ARM.attributes
                0x00000054       0x32 uart.o

.comment        0x00000000       0x7e
 .comment       0x00000000       0x7e app.o
                                 0x7f (size before relaxing)
 .comment       0x0000007e       0x7f uart.o

.debug_info     0x00000000       0x57
 .debug_info    0x00000000       0x57 uart.o

.debug_abbrev   0x00000000       0x51
 .debug_abbrev  0x00000000       0x51 uart.o

.debug_aranges  0x00000000       0x20
 .debug_aranges
                0x00000000       0x20 uart.o

.debug_line     0x00000000       0x39
 .debug_line    0x00000000       0x39 uart.o

.debug_str      0x00000000       0xa2
 .debug_str     0x00000000       0xa2 uart.o

.debug_frame    0x00000000       0x30
 .debug_frame   0x00000000       0x30 uart.o
